# Biased free energy distributions:  F_i(Ntilde) [k_B*T]
0	     nan	     nan	     nan	     nan	     nan	     nan	  6.2046	 0.67838
1	     nan	     nan	     nan	     nan	     nan	     nan	  3.0691	       0
2	     nan	     nan	     nan	     nan	     nan	     nan	  1.4339	 0.24116
3	     nan	     nan	     nan	     nan	     nan	     nan	 0.46155	  1.2424
4	     nan	     nan	     nan	     nan	     nan	  5.0017	       0	  2.3994
5	     nan	     nan	     nan	     nan	     nan	  3.3277	 0.12462	  4.9008
6	     nan	     nan	     nan	     nan	     nan	  1.8808	 0.61357	     nan
7	     nan	     nan	     nan	     nan	     nan	  1.0441	   1.495	     nan
8	     nan	     nan	     nan	     nan	     nan	   0.332	  2.9857	     nan
9	     nan	     nan	     nan	     nan	     nan	       0	  4.0073	     nan
10	     nan	     nan	     nan	     nan	   3.191	 0.13417	  5.5114	     nan
11	     nan	     nan	     nan	     nan	  1.9562	 0.54736	     nan	     nan
12	     nan	     nan	     nan	     nan	  1.0884	  1.4559	     nan	     nan
13	     nan	     nan	     nan	     nan	 0.30062	   2.733	     nan	     nan
14	     nan	     nan	     nan	     nan	0.094282	  4.0209	     nan	     nan
15	     nan	     nan	     nan	  4.6151	       0	  5.4072	     nan	     nan
16	     nan	     nan	     nan	  2.8924	 0.20468	     nan	     nan	     nan
17	     nan	     nan	     nan	  1.5332	 0.74322	     nan	     nan	     nan
18	     nan	     nan	    6.25	  0.7233	  2.1134	     nan	     nan	     nan
19	     nan	     nan	  4.3041	0.095508	  3.2555	     nan	     nan	     nan
20	     nan	     nan	  2.5123	       0	   4.865	     nan	     nan	     nan
21	     nan	  6.2383	   1.035	 0.46566	  5.9636	     nan	     nan	     nan
22	     nan	  5.1397	 0.25104	  1.5241	     nan	     nan	     nan	     nan
23	  4.2732	  3.1473	       0	  3.0891	     nan	     nan	     nan	     nan
24	  2.7691	  1.4261	  0.1632	     nan	     nan	     nan	     nan	     nan
25	  2.2583	 0.41528	  1.1686	     nan	     nan	     nan	     nan	     nan
26	  1.6341	0.029735	  2.6391	     nan	     nan	     nan	     nan	     nan
27	 0.70366	       0	  4.3041	     nan	     nan	     nan	     nan	     nan
28	 0.19142	 0.80898	    6.25	     nan	     nan	     nan	     nan	     nan
29	0.039081	  2.0487	     nan	     nan	     nan	     nan	     nan	     nan
30	       0	  3.8404	     nan	     nan	     nan	     nan	     nan	     nan
31	 0.40721	     nan	     nan	     nan	     nan	     nan	     nan	     nan
32	 0.71072	     nan	     nan	     nan	     nan	     nan	     nan	     nan
33	  1.3157	     nan	     nan	     nan	     nan	     nan	     nan	     nan
34	  2.1331	     nan	     nan	     nan	     nan	     nan	     nan	     nan
